#
# There is insufficient memory for the Java Runtime Environment to continue.
# Native memory allocation (malloc) failed to allocate 291376 bytes for Chunk::new
# Possible reasons:
#   The system is out of physical RAM or swap space
#   The process is running with CompressedOops enabled, and the Java Heap may be blocking the growth of the native heap
# Possible solutions:
#   Reduce memory load on the system
#   Increase physical memory or swap space
#   Check if swap backing store is full
#   Decrease Java heap size (-Xmx/-Xms)
#   Decrease number of Java threads
#   Decrease Java thread stack sizes (-Xss)
#   Set larger code cache with -XX:ReservedCodeCacheSize=
#   JVM is running with Unscaled Compressed Oops mode in which the Java heap is
#     placed in the first 4GB address space. The Java Heap base address is the
#     maximum limit for the native heap growth. Please use -XX:HeapBaseMinAddress
#     to set the Java Heap base and to place the Java Heap above 4GB virtual address.
# This output file may be truncated or incomplete.
#
#  Out of Memory Error (allocation.cpp:389), pid=12528, tid=0x00000000000016cc
#
# JRE version: Java(TM) SE Runtime Environment (8.0_401) (build 1.8.0_401-b10)
# Java VM: Java HotSpot(TM) 64-Bit Server VM (25.401-b10 mixed mode windows-amd64 compressed oops)
# Failed to write core dump. Minidumps are not enabled by default on client versions of Windows
#

---------------  T H R E A D  ---------------

Current thread (0x000001b38dc42000):  JavaThread "C2 CompilerThread4" daemon [_thread_in_native, id=5836, stack(0x0000009858000000,0x000000985c000000)]

Stack: [0x0000009858000000,0x000000985c000000]
Native frames: (J=compiled Java code, j=interpreted, Vv=VM code, C=native code)
V  [jvm.dll+0x3530d9]
V  [jvm.dll+0x290072]
V  [jvm.dll+0x290c3d]
V  [jvm.dll+0x285275]
V  [jvm.dll+0xdbbbc]
V  [jvm.dll+0xdc3cc]
V  [jvm.dll+0x47cc22]
V  [jvm.dll+0x4bd1bb]
V  [jvm.dll+0x46b6f1]
V  [jvm.dll+0x468572]
V  [jvm.dll+0x4523ac]
V  [jvm.dll+0xb08f6]
V  [jvm.dll+0xaefcf]
V  [jvm.dll+0x2515d2]
V  [jvm.dll+0x2acb3c]
C  [ucrtbase.dll+0x29333]
C  [KERNEL32.DLL+0x1257d]
C  [ntdll.dll+0x5af28]


Current CompileTask:
C2:   9389 1574   !   4       sun.misc.FloatingDecimal::readJavaFormatString (794 bytes)


---------------  P R O C E S S  ---------------

Java Threads: ( => current thread )
  0x000001b38d9b5000 JavaThread "AWT-Windows" daemon [_thread_in_native, id=47232, stack(0x000000988dc00000,0x000000988de00000)]
  0x000001b38d9ac000 JavaThread "Java2D Disposer" daemon [_thread_blocked, id=47224, stack(0x000000988d800000,0x000000988da00000)]
  0x000001b38dc4f800 JavaThread "Service Thread" daemon [_thread_blocked, id=47020, stack(0x0000009881600000,0x0000009881800000)]
  0x000001b38dc50800 JavaThread "C1 CompilerThread11" daemon [_thread_blocked, id=45568, stack(0x000000987d600000,0x0000009881600000)]
  0x000001b38dc52000 JavaThread "C1 CompilerThread10" daemon [_thread_blocked, id=41872, stack(0x0000009870000000,0x0000009874000000)]
  0x000001b38dc43800 JavaThread "C1 CompilerThread9" daemon [_thread_blocked, id=13464, stack(0x000000986c000000,0x0000009870000000)]
  0x000001b38dc49800 JavaThread "C1 CompilerThread8" daemon [_thread_blocked, id=7272, stack(0x0000009868000000,0x000000986c000000)]
  0x000001b38dc3b800 JavaThread "C2 CompilerThread7" daemon [_thread_blocked, id=39000, stack(0x0000009864000000,0x0000009868000000)]
  0x000001b38dc40000 JavaThread "C2 CompilerThread6" daemon [_thread_blocked, id=14180, stack(0x0000009860000000,0x0000009864000000)]
  0x000001b38dc3e800 JavaThread "C2 CompilerThread5" daemon [_thread_blocked, id=21568, stack(0x000000985c000000,0x0000009860000000)]
=>0x000001b38dc42000 JavaThread "C2 CompilerThread4" daemon [_thread_in_native, id=5836, stack(0x0000009858000000,0x000000985c000000)]
  0x000001b38dc41800 JavaThread "C2 CompilerThread3" daemon [_thread_blocked, id=33852, stack(0x0000009854000000,0x0000009858000000)]
  0x000001b38dc3f000 JavaThread "C2 CompilerThread2" daemon [_thread_blocked, id=41564, stack(0x0000009850000000,0x0000009854000000)]
  0x000001b38dc3a800 JavaThread "C2 CompilerThread1" daemon [_thread_blocked, id=19940, stack(0x000000984c000000,0x0000009850000000)]
  0x000001b38dc79000 JavaThread "C2 CompilerThread0" daemon [_thread_blocked, id=37976, stack(0x0000009848000000,0x000000984c000000)]
  0x000001b38dc76000 JavaThread "Attach Listener" daemon [_thread_blocked, id=41788, stack(0x000000987d400000,0x000000987d600000)]
  0x000001b38dc6e000 JavaThread "Finalizer" daemon [_thread_blocked, id=41004, stack(0x000000987d200000,0x000000987d400000)]
  0x000001b38dc70000 JavaThread "Reference Handler" daemon [_thread_blocked, id=38936, stack(0x000000987d000000,0x000000987d200000)]
  0x000001b38dc73000 JavaThread "main" [_thread_in_Java, id=27980, stack(0x0000009875000000,0x0000009879000000)]

Other Threads:
  0x000001b38dc32800 VMThread [stack: 0x0000009844000000,0x0000009848000000] [id=42104]
  0x000001b38e191000 WatcherThread [stack: 0x0000009881800000,0x0000009885800000] [id=45564]

VM state:not at safepoint (normal execution)

VM Mutex/Monitor currently owned by a thread: None

heap address: 0x00000000e0000000, size: 512 MB, Compressed Oops mode: 32-bit
Narrow klass base: 0x0000000000000000, Narrow klass shift: 3
Compressed class space size: 1073741824 Address: 0x0000000100000000

Heap:
 PSYoungGen      total 145408K, used 6772K [0x00000000f5580000, 0x00000000fff00000, 0x0000000100000000)
  eden space 118272K, 3% used [0x00000000f5580000,0x00000000f5a12e68,0x00000000fc900000)
  from space 27136K, 7% used [0x00000000fe480000,0x00000000fe68a4f0,0x00000000fff00000)
  to   space 27648K, 0% used [0x00000000fc900000,0x00000000fc900000,0x00000000fe400000)
 ParOldGen       total 304640K, used 6767K [0x00000000e0000000, 0x00000000f2980000, 0x00000000f5580000)
  object space 304640K, 2% used [0x00000000e0000000,0x00000000e069bce8,0x00000000f2980000)
 Metaspace       used 10649K, capacity 10868K, committed 11008K, reserved 1058816K
  class space    used 1178K, capacity 1257K, committed 1280K, reserved 1048576K

Card table byte_map: [0x000001b30d510000,0x000001b30d620000] byte_map_base: 0x000001b30ce10000

Marking Bits: (ParMarkBitMap*) 0x00007ffb6dfa5fc0
 Begin Bits: [0x000001b3b3250000, 0x000001b3b3a50000)
 End Bits:   [0x000001b3b3a50000, 0x000001b3b4250000)

Polling page: 0x000001b30d4e0000

CodeCache: size=245760Kb used=10106Kb max_used=10121Kb free=235653Kb
 bounds [0x000001b3a3e90000, 0x000001b3a4880000, 0x000001b3b2e90000]
 total_blobs=2052 nmethods=1578 adapters=385
 compilation: enabled

Compilation events (10 events):
Event: 9.299 Thread 0x000001b38dc49800 1570       3       density.FileSelect$2::process (45 bytes)
Event: 9.299 Thread 0x000001b38dc49800 nmethod 1570 0x000001b3a485b250 code [0x000001b3a485b420, 0x000001b3a485ba60]
Event: 9.299 Thread 0x000001b38dc3b800 1571       4       java.util.ArrayList::grow (45 bytes)
Event: 9.299 Thread 0x000001b38dc3a800 1572       4       java.lang.String::codePointAt (36 bytes)
Event: 9.300 Thread 0x000001b38dc3f000 1573       4       java.lang.String::trim (77 bytes)
Event: 9.300 Thread 0x000001b38dc3a800 nmethod 1572 0x000001b3a485aed0 code [0x000001b3a485b020, 0x000001b3a485b118]
Event: 9.301 Thread 0x000001b38dc3b800 nmethod 1571 0x000001b3a485a9d0 code [0x000001b3a485ab20, 0x000001b3a485ad78]
Event: 9.304 Thread 0x000001b38dc3f000 nmethod 1573 0x000001b3a48588d0 code [0x000001b3a4858a40, 0x000001b3a4858f18]
Event: 9.308 Thread 0x000001b38dc42000 1574   !   4       sun.misc.FloatingDecimal::readJavaFormatString (794 bytes)
Event: 9.308 Thread 0x000001b38dc3e800 1575       4       sun.misc.FloatingDecimal$ASCIIToBinaryBuffer::doubleValue (1194 bytes)

GC Heap History (10 events):
Event: 2.201 GC heap before
{Heap before GC invocations=2 (full 0):
 PSYoungGen      total 133120K, used 116641K [0x00000000f5580000, 0x00000000fea00000, 0x0000000100000000)
  eden space 114176K, 100% used [0x00000000f5580000,0x00000000fc500000,0x00000000fc500000)
  from space 18944K, 13% used [0x00000000fc500000,0x00000000fc7685c0,0x00000000fd780000)
  to   space 18944K, 0% used [0x00000000fd780000,0x00000000fd780000,0x00000000fea00000)
 ParOldGen       total 304640K, used 8K [0x00000000e0000000, 0x00000000f2980000, 0x00000000f5580000)
  object space 304640K, 0% used [0x00000000e0000000,0x00000000e0002000,0x00000000f2980000)
 Metaspace       used 6304K, capacity 6440K, committed 6656K, reserved 1056768K
  class space    used 710K, capacity 760K, committed 768K, reserved 1048576K
Event: 2.205 GC heap after
Heap after GC invocations=2 (full 0):
 PSYoungGen      total 133120K, used 3661K [0x00000000f5580000, 0x0000000100000000, 0x0000000100000000)
  eden space 114176K, 0% used [0x00000000f5580000,0x00000000f5580000,0x00000000fc500000)
  from space 18944K, 19% used [0x00000000fd780000,0x00000000fdb13770,0x00000000fea00000)
  to   space 18944K, 0% used [0x00000000fc500000,0x00000000fc500000,0x00000000fd780000)
 ParOldGen       total 304640K, used 16K [0x00000000e0000000, 0x00000000f2980000, 0x00000000f5580000)
  object space 304640K, 0% used [0x00000000e0000000,0x00000000e0004000,0x00000000f2980000)
 Metaspace       used 6304K, capacity 6440K, committed 6656K, reserved 1056768K
  class space    used 710K, capacity 760K, committed 768K, reserved 1048576K
}
Event: 2.285 GC heap before
{Heap before GC invocations=3 (full 0):
 PSYoungGen      total 133120K, used 117837K [0x00000000f5580000, 0x0000000100000000, 0x0000000100000000)
  eden space 114176K, 100% used [0x00000000f5580000,0x00000000fc500000,0x00000000fc500000)
  from space 18944K, 19% used [0x00000000fd780000,0x00000000fdb13770,0x00000000fea00000)
  to   space 18944K, 0% used [0x00000000fc500000,0x00000000fc500000,0x00000000fd780000)
 ParOldGen       total 304640K, used 16K [0x00000000e0000000, 0x00000000f2980000, 0x00000000f5580000)
  object space 304640K, 0% used [0x00000000e0000000,0x00000000e0004000,0x00000000f2980000)
 Metaspace       used 6304K, capacity 6440K, committed 6656K, reserved 1056768K
  class space    used 710K, capacity 760K, committed 768K, reserved 1048576K
Event: 2.289 GC heap after
Heap after GC invocations=3 (full 0):
 PSYoungGen      total 133120K, used 5060K [0x00000000f5580000, 0x0000000100000000, 0x0000000100000000)
  eden space 114176K, 0% used [0x00000000f5580000,0x00000000f5580000,0x00000000fc500000)
  from space 18944K, 26% used [0x00000000fc500000,0x00000000fc9f1300,0x00000000fd780000)
  to   space 18944K, 0% used [0x00000000fed80000,0x00000000fed80000,0x0000000100000000)
 ParOldGen       total 304640K, used 16K [0x00000000e0000000, 0x00000000f2980000, 0x00000000f5580000)
  object space 304640K, 0% used [0x00000000e0000000,0x00000000e0004000,0x00000000f2980000)
 Metaspace       used 6304K, capacity 6440K, committed 6656K, reserved 1056768K
  class space    used 710K, capacity 760K, committed 768K, reserved 1048576K
}
Event: 4.436 GC heap before
{Heap before GC invocations=4 (full 0):
 PSYoungGen      total 133120K, used 119236K [0x00000000f5580000, 0x0000000100000000, 0x0000000100000000)
  eden space 114176K, 100% used [0x00000000f5580000,0x00000000fc500000,0x00000000fc500000)
  from space 18944K, 26% used [0x00000000fc500000,0x00000000fc9f1300,0x00000000fd780000)
  to   space 18944K, 0% used [0x00000000fed80000,0x00000000fed80000,0x0000000100000000)
 ParOldGen       total 304640K, used 16K [0x00000000e0000000, 0x00000000f2980000, 0x00000000f5580000)
  object space 304640K, 0% used [0x00000000e0000000,0x00000000e0004000,0x00000000f2980000)
 Metaspace       used 10613K, capacity 10868K, committed 11008K, reserved 1058816K
  class space    used 1176K, capacity 1257K, committed 1280K, reserved 1048576K
Event: 4.458 GC heap after
Heap after GC invocations=4 (full 0):
 PSYoungGen      total 155648K, used 18937K [0x00000000f5580000, 0x0000000100000000, 0x0000000100000000)
  eden space 136704K, 0% used [0x00000000f5580000,0x00000000f5580000,0x00000000fdb00000)
  from space 18944K, 99% used [0x00000000fed80000,0x00000000ffffe7c0,0x0000000100000000)
  to   space 18944K, 0% used [0x00000000fdb00000,0x00000000fdb00000,0x00000000fed80000)
 ParOldGen       total 304640K, used 4121K [0x00000000e0000000, 0x00000000f2980000, 0x00000000f5580000)
  object space 304640K, 1% used [0x00000000e0000000,0x00000000e04065f8,0x00000000f2980000)
 Metaspace       used 10613K, capacity 10868K, committed 11008K, reserved 1058816K
  class space    used 1176K, capacity 1257K, committed 1280K, reserved 1048576K
}
Event: 5.013 GC heap before
{Heap before GC invocations=5 (full 0):
 PSYoungGen      total 155648K, used 155641K [0x00000000f5580000, 0x0000000100000000, 0x0000000100000000)
  eden space 136704K, 100% used [0x00000000f5580000,0x00000000fdb00000,0x00000000fdb00000)
  from space 18944K, 99% used [0x00000000fed80000,0x00000000ffffe7c0,0x0000000100000000)
  to   space 18944K, 0% used [0x00000000fdb00000,0x00000000fdb00000,0x00000000fed80000)
 ParOldGen       total 304640K, used 4121K [0x00000000e0000000, 0x00000000f2980000, 0x00000000f5580000)
  object space 304640K, 1% used [0x00000000e0000000,0x00000000e04065f8,0x00000000f2980000)
 Metaspace       used 10632K, capacity 10868K, committed 11008K, reserved 1058816K
  class space    used 1177K, capacity 1257K, committed 1280K, reserved 1048576K
Event: 5.018 GC heap after
Heap after GC invocations=5 (full 0):
 PSYoungGen      total 155648K, used 18938K [0x00000000f5580000, 0x0000000100000000, 0x0000000100000000)
  eden space 136704K, 0% used [0x00000000f5580000,0x00000000f5580000,0x00000000fdb00000)
  from space 18944K, 99% used [0x00000000fdb00000,0x00000000fed7e858,0x00000000fed80000)
  to   space 18944K, 0% used [0x00000000fed80000,0x00000000fed80000,0x0000000100000000)
 ParOldGen       total 304640K, used 4361K [0x00000000e0000000, 0x00000000f2980000, 0x00000000f5580000)
  object space 304640K, 1% used [0x00000000e0000000,0x00000000e04425f8,0x00000000f2980000)
 Metaspace       used 10632K, capacity 10868K, committed 11008K, reserved 1058816K
  class space    used 1177K, capacity 1257K, committed 1280K, reserved 1048576K
}
Event: 5.282 GC heap before
{Heap before GC invocations=6 (full 0):
 PSYoungGen      total 155648K, used 155642K [0x00000000f5580000, 0x0000000100000000, 0x0000000100000000)
  eden space 136704K, 100% used [0x00000000f5580000,0x00000000fdb00000,0x00000000fdb00000)
  from space 18944K, 99% used [0x00000000fdb00000,0x00000000fed7e858,0x00000000fed80000)
  to   space 18944K, 0% used [0x00000000fed80000,0x00000000fed80000,0x0000000100000000)
 ParOldGen       total 304640K, used 4361K [0x00000000e0000000, 0x00000000f2980000, 0x00000000f5580000)
  object space 304640K, 1% used [0x00000000e0000000,0x00000000e04425f8,0x00000000f2980000)
 Metaspace       used 10632K, capacity 10868K, committed 11008K, reserved 1058816K
  class space    used 1177K, capacity 1257K, committed 1280K, reserved 1048576K
Event: 5.286 GC heap after
Heap after GC invocations=6 (full 0):
 PSYoungGen      total 137216K, used 18924K [0x00000000f5580000, 0x0000000100000000, 0x0000000100000000)
  eden space 118272K, 0% used [0x00000000f5580000,0x00000000f5580000,0x00000000fc900000)
  from space 18944K, 99% used [0x00000000fed80000,0x00000000ffffb3c0,0x0000000100000000)
  to   space 28160K, 0% used [0x00000000fc900000,0x00000000fc900000,0x00000000fe480000)
 ParOldGen       total 304640K, used 4425K [0x00000000e0000000, 0x00000000f2980000, 0x00000000f5580000)
  object space 304640K, 1% used [0x00000000e0000000,0x00000000e04525f8,0x00000000f2980000)
 Metaspace       used 10632K, capacity 10868K, committed 11008K, reserved 1058816K
  class space    used 1177K, capacity 1257K, committed 1280K, reserved 1048576K
}

Deoptimization events (10 events):
Event: 4.467 Thread 0x000001b38dc73000 Uncommon trap: reason=class_check action=maybe_recompile pc=0x000001b3a4785834 method=density.Project$LinearGrid.eval(II)D @ 6
Event: 4.580 Thread 0x000001b38dc73000 Uncommon trap: reason=intrinsic action=make_not_entrant pc=0x000001b3a47fceb4 method=density.Project.cloglog(DD)D @ 8
Event: 4.580 Thread 0x000001b38dc73000 Uncommon trap: reason=intrinsic action=make_not_entrant pc=0x000001b3a4746ab8 method=density.Project.cloglog(DD)D @ 8
Event: 4.605 Thread 0x000001b38dc73000 Uncommon trap: reason=unstable_if action=reinterpret pc=0x000001b3a4809d64 method=density.Project$3.pred(IIZ)D @ 47
Event: 4.663 Thread 0x000001b38dc73000 Uncommon trap: reason=unstable_if action=reinterpret pc=0x000001b3a4806dd0 method=java.util.DualPivotQuicksort.sort([DIIZ)V @ 640
Event: 4.856 Thread 0x000001b38dc73000 Uncommon trap: reason=loop_limit_check action=maybe_recompile pc=0x000001b3a482ea9c method=java.util.DualPivotQuicksort.sort([DIIZ)V @ 124
Event: 4.945 Thread 0x000001b38dc73000 Uncommon trap: reason=unstable_if action=reinterpret pc=0x000001b3a483481c method=density.tools.Stats.auc([D[D)D @ 39
Event: 5.345 Thread 0x000001b38dc73000 Uncommon trap: reason=unstable_if action=reinterpret pc=0x000001b3a47aa29c method=java.text.DecimalFormat.subformat(Ljava/lang/StringBuffer;Ljava/text/Format$FieldDelegate;ZZIIII)Ljava/lang/StringBuffer; @ 870
Event: 5.345 Thread 0x000001b38dc73000 Uncommon trap: reason=unstable_if action=reinterpret pc=0x000001b3a46d8008 method=java.text.DigitList.set(ZLjava/lang/String;ZZIZ)V @ 238
Event: 5.387 Thread 0x000001b38dc73000 Uncommon trap: reason=unstable_if action=reinterpret pc=0x000001b3a44bcf54 method=java.lang.String.indexOf([CII[CIII)I @ 3

Classes redefined (0 events):
No events

Internal exceptions (10 events):
Event: 1.881 Thread 0x000001b38dc73000 Exception <a 'java/lang/NoSuchFieldError': method resolution failed> (0x00000000f67a6710) thrown at [C:\jenkins\workspace\8-2-build-windows-x64-cygwin-sans-NAS\jdk8u401\683\hotspot\src\share\vm\prims\methodHandles.cpp, line 1188]
Event: 3.321 Thread 0x000001b38dc73000 Exception <a 'java/io/FileNotFoundException'> (0x00000000f93b7280) thrown at [C:\jenkins\workspace\8-2-build-windows-x64-cygwin-sans-NAS\jdk8u401\683\hotspot\src\share\vm\prims\jni.cpp, line 710]
Event: 3.392 Thread 0x000001b38dc73000 Exception <a 'java/io/FileNotFoundException'> (0x00000000f967e860) thrown at [C:\jenkins\workspace\8-2-build-windows-x64-cygwin-sans-NAS\jdk8u401\683\hotspot\src\share\vm\prims\jni.cpp, line 710]
Event: 3.392 Thread 0x000001b38dc73000 Exception <a 'java/io/FileNotFoundException'> (0x00000000f967f530) thrown at [C:\jenkins\workspace\8-2-build-windows-x64-cygwin-sans-NAS\jdk8u401\683\hotspot\src\share\vm\prims\jni.cpp, line 710]
Event: 3.518 Thread 0x000001b38dc73000 Exception <a 'java/io/FileNotFoundException'> (0x00000000f990ce00) thrown at [C:\jenkins\workspace\8-2-build-windows-x64-cygwin-sans-NAS\jdk8u401\683\hotspot\src\share\vm\prims\jni.cpp, line 710]
Event: 3.518 Thread 0x000001b38dc73000 Implicit null exception at 0x000001b3a44ddf29 to 0x000001b3a44df36c
Event: 3.518 Thread 0x000001b38dc73000 Exception <a 'java/lang/NullPointerException'> (0x00000000f990d4a8) thrown at [C:\jenkins\workspace\8-2-build-windows-x64-cygwin-sans-NAS\jdk8u401\683\hotspot\src\share\vm\runtime\sharedRuntime.cpp, line 609]
Event: 3.519 Thread 0x000001b38dc73000 Exception <a 'java/io/FileNotFoundException'> (0x00000000f990daa8) thrown at [C:\jenkins\workspace\8-2-build-windows-x64-cygwin-sans-NAS\jdk8u401\683\hotspot\src\share\vm\prims\jni.cpp, line 710]
Event: 3.519 Thread 0x000001b38dc73000 Implicit null exception at 0x000001b3a44ddf29 to 0x000001b3a44df36c
Event: 3.519 Thread 0x000001b38dc73000 Exception <a 'java/lang/NullPointerException'> (0x00000000f990e150) thrown at [C:\jenkins\workspace\8-2-build-windows-x64-cygwin-sans-NAS\jdk8u401\683\hotspot\src\share\vm\runtime\sharedRuntime.cpp, line 609]

Events (10 events):
Event: 5.345 Thread 0x000001b38dc73000 DEOPT UNPACKING pc=0x000001b3a3ed58c3 sp=0x0000009878fca670 mode 2
Event: 5.351 loading class java/util/regex/Pattern$BitClass
Event: 5.351 loading class java/util/regex/Pattern$BitClass done
Event: 5.351 Executing VM operation: Deoptimize
Event: 5.352 Executing VM operation: Deoptimize done
Event: 5.352 loading class java/util/regex/Pattern$1
Event: 5.352 loading class java/util/regex/Pattern$1 done
Event: 5.387 Thread 0x000001b38dc73000 Uncommon trap: trap_request=0xffffff65 fr.pc=0x000001b3a44bcf54
Event: 5.387 Thread 0x000001b38dc73000 DEOPT PACKING pc=0x000001b3a44bcf54 sp=0x0000009878fcc560
Event: 5.387 Thread 0x000001b38dc73000 DEOPT UNPACKING pc=0x000001b3a3ed58c3 sp=0x0000009878fcc4b8 mode 2


Dynamic libraries:
0x00007ff7bd930000 - 0x00007ff7bd94e000 	C:\PROGRA~1\R\R-43~1.2\bin\x64\Rscript.exe
0x00007ffcc5f70000 - 0x00007ffcc6187000 	C:\WINDOWS\SYSTEM32\ntdll.dll
0x00007ffcc5270000 - 0x00007ffcc5334000 	C:\WINDOWS\System32\KERNEL32.DLL
0x00007ffcc35e0000 - 0x00007ffcc398d000 	C:\WINDOWS\System32\KERNELBASE.dll
0x00007ffcc3990000 - 0x00007ffcc3aa1000 	C:\WINDOWS\System32\ucrtbase.dll
0x00007ffcc5440000 - 0x00007ffcc55ee000 	C:\WINDOWS\System32\USER32.dll
0x00007ffcc3490000 - 0x00007ffcc34b6000 	C:\WINDOWS\System32\win32u.dll
0x00007ffcc4090000 - 0x00007ffcc40b9000 	C:\WINDOWS\System32\GDI32.dll
0x00007ffcc34c0000 - 0x00007ffcc35d9000 	C:\WINDOWS\System32\gdi32full.dll
0x00007ffcc3290000 - 0x00007ffcc332a000 	C:\WINDOWS\System32\msvcp_win.dll
0x00007ffbc89b0000 - 0x00007ffbc8a73000 	C:\PROGRA~1\R\R-43~1.2\bin\x64\Rgraphapp.dll
0x00007ffba71b0000 - 0x00007ffba99ce000 	C:\PROGRA~1\R\R-43~1.2\bin\x64\R.dll
0x00007ffcc5a00000 - 0x00007ffcc5ab2000 	C:\WINDOWS\System32\ADVAPI32.dll
0x00007ffcc4bb0000 - 0x00007ffcc4caf000 	C:\WINDOWS\System32\comdlg32.dll
0x00007ffc09140000 - 0x00007ffc09188000 	C:\PROGRA~1\R\R-43~1.2\bin\x64\Rblas.dll
0x00007ffcc5ac0000 - 0x00007ffcc5e4e000 	C:\WINDOWS\System32\combase.dll
0x00007ffcc3ca0000 - 0x00007ffcc3d47000 	C:\WINDOWS\System32\msvcrt.dll
0x00007ffcc4220000 - 0x00007ffcc4334000 	C:\WINDOWS\System32\RPCRT4.dll
0x00007ffcc5130000 - 0x00007ffcc51d9000 	C:\WINDOWS\System32\sechost.dll
0x00007ffc96b10000 - 0x00007ffc96da3000 	C:\WINDOWS\WinSxS\amd64_microsoft.windows.common-controls_6595b64144ccf1df_6.0.22621.3672_none_2713b9d173822955\COMCTL32.dll
0x00007ffcc5340000 - 0x00007ffcc5439000 	C:\WINDOWS\System32\shcore.dll
0x00007ffcc3330000 - 0x00007ffcc3358000 	C:\WINDOWS\System32\bcrypt.dll
0x00007ffcc59a0000 - 0x00007ffcc59fe000 	C:\WINDOWS\System32\SHLWAPI.dll
0x00007ffcc3d50000 - 0x00007ffcc3ef5000 	C:\WINDOWS\System32\ole32.dll
0x00007ffcc4340000 - 0x00007ffcc4ba7000 	C:\WINDOWS\System32\SHELL32.dll
0x00007ffcc5ef0000 - 0x00007ffcc5f21000 	C:\WINDOWS\System32\IMM32.dll
0x00007ffcba900000 - 0x00007ffcba90a000 	C:\WINDOWS\SYSTEM32\VERSION.dll
0x00007ffc1ead0000 - 0x00007ffc1eaf6000 	C:\PROGRA~1\R\R-43~1.2\bin\x64\Riconv.dll
0x00007ffcbdf00000 - 0x00007ffcbdf34000 	C:\WINDOWS\SYSTEM32\WINMM.dll
0x00007ffc94670000 - 0x00007ffc94677000 	C:\WINDOWS\SYSTEM32\MSIMG32.dll
0x00007ffcc03b0000 - 0x00007ffcc0461000 	C:\WINDOWS\system32\uxtheme.dll
0x00007ffcc2630000 - 0x00007ffcc2673000 	C:\WINDOWS\SYSTEM32\SspiCli.dll
0x00007ffc18350000 - 0x00007ffc18364000 	C:\Program Files\R\R-4.3.2\library\methods\libs\x64\methods.dll
0x00007ffc07880000 - 0x00007ffc078aa000 	C:\Program Files\R\R-4.3.2\library\utils\libs\x64\utils.dll
0x00007ffbb3bd0000 - 0x00007ffbb3e77000 	C:\Program Files\R\R-4.3.2\library\grDevices\libs\x64\grDevices.dll
0x00007ffc05e00000 - 0x00007ffc05e50000 	C:\Program Files\R\R-4.3.2\library\graphics\libs\x64\graphics.dll
0x00007ffbc8bb0000 - 0x00007ffbc8c4d000 	C:\Program Files\R\R-4.3.2\library\stats\libs\x64\stats.dll
0x00007ffbb3910000 - 0x00007ffbb3bcd000 	C:\PROGRA~1\R\R-43~1.2\bin\x64\Rlapack.dll
0x00007ffca5ab0000 - 0x00007ffca5abe000 	C:\Program Files\R\R-4.3.2\library\parallel\libs\x64\parallel.dll
0x00007ffbb2980000 - 0x00007ffbb3910000 	C:\PROGRA~1\R\R-43~1.2\modules\x64\internet.dll
0x00007ffcc3ab0000 - 0x00007ffcc3c16000 	C:\WINDOWS\System32\CRYPT32.dll
0x00007ffcc55f0000 - 0x00007ffcc564f000 	C:\WINDOWS\System32\WLDAP32.dll
0x00007ffcc51f0000 - 0x00007ffcc5261000 	C:\WINDOWS\System32\WS2_32.dll
0x00007ffcae450000 - 0x00007ffcae94e000 	C:\WINDOWS\SYSTEM32\WININET.dll
0x00007ffcc2840000 - 0x00007ffcc28a9000 	C:\WINDOWS\system32\mswsock.dll
0x00007ffc980c0000 - 0x00007ffc980d7000 	C:\WINDOWS\system32\napinsp.dll
0x00007ffc980a0000 - 0x00007ffc980bb000 	C:\WINDOWS\system32\pnrpnsp.dll
0x00007ffcc1e60000 - 0x00007ffcc1f58000 	C:\WINDOWS\SYSTEM32\DNSAPI.dll
0x00007ffcc1df0000 - 0x00007ffcc1e1d000 	C:\WINDOWS\SYSTEM32\IPHLPAPI.DLL
0x00007ffcc3f80000 - 0x00007ffcc3f89000 	C:\WINDOWS\System32\NSI.dll
0x00007ffc97f30000 - 0x00007ffc97f41000 	C:\WINDOWS\System32\winrnr.dll
0x00007ffcbdfc0000 - 0x00007ffcbdfd5000 	C:\WINDOWS\system32\wshbth.dll
0x00007ffc97d60000 - 0x00007ffc97d87000 	C:\WINDOWS\system32\nlansp_c.dll
0x00007ffcbd3f0000 - 0x00007ffcbd473000 	C:\WINDOWS\System32\fwpuclnt.dll
0x00007ffcbea90000 - 0x00007ffcbea9a000 	C:\Windows\System32\rasadhlp.dll
0x00007ffc064c0000 - 0x00007ffc06612000 	C:\Users\terre\AppData\Local\R\win-library\4.3\Rcpp\libs\x64\Rcpp.dll
0x00007ffb7c450000 - 0x00007ffb82105000 	C:\Users\terre\AppData\Local\R\win-library\4.3\terra\libs\x64\terra.dll
0x00007ffc54fc0000 - 0x00007ffc54fc9000 	C:\WINDOWS\SYSTEM32\WSOCK32.dll
0x00007ffcb66b0000 - 0x00007ffcb676e000 	C:\WINDOWS\SYSTEM32\ODBC32.dll
0x00007ffcc21b0000 - 0x00007ffcc21bc000 	C:\WINDOWS\SYSTEM32\Secur32.dll
0x00007ffc06490000 - 0x00007ffc064b8000 	C:\WINDOWS\SYSTEM32\ODBCCP32.dll
0x00007ffcc2fd0000 - 0x00007ffcc2fda000 	C:\WINDOWS\SYSTEM32\DPAPI.DLL
0x00007ffca4060000 - 0x00007ffca4091000 	C:\Program Files\R\R-4.3.2\library\grid\libs\x64\grid.dll
0x00007ffc54bf0000 - 0x00007ffc54bff000 	C:\Users\terre\AppData\Local\R\win-library\4.3\lattice\libs\x64\lattice.dll
0x00007ffc12700000 - 0x00007ffc12711000 	C:\Users\terre\AppData\Local\R\win-library\4.3\sp\libs\x64\sp.dll
0x00007ffbf16f0000 - 0x00007ffbf1868000 	C:\Users\terre\AppData\Local\R\win-library\4.3\raster\libs\x64\raster.dll
0x00007ffbc4070000 - 0x00007ffbc4177000 	C:\Users\terre\AppData\Local\R\win-library\4.3\dismo\libs\x64\dismo.dll
0x00007ffc64780000 - 0x00007ffc6478e000 	C:\Users\terre\AppData\Local\R\win-library\4.3\magrittr\libs\x64\magrittr.dll
0x00007ffc1b950000 - 0x00007ffc1b995000 	C:\Users\terre\AppData\Local\R\win-library\4.3\rlang\libs\x64\rlang.dll
0x00007ffc183a0000 - 0x00007ffc183e2000 	C:\Users\terre\AppData\Local\R\win-library\4.3\cli\libs\x64\cli.dll
0x00007ffcc2330000 - 0x00007ffcc2348000 	C:\WINDOWS\SYSTEM32\kernel.appcore.dll
0x00007ffc06650000 - 0x00007ffc06791000 	C:\Users\terre\AppData\Local\R\win-library\4.3\vctrs\libs\x64\vctrs.dll
0x00007ffca4050000 - 0x00007ffca405e000 	C:\Users\terre\AppData\Local\R\win-library\4.3\glue\libs\x64\glue.dll
0x00007ffc13ca0000 - 0x00007ffc13cc0000 	C:\Users\terre\AppData\Local\R\win-library\4.3\fansi\libs\x64\fansi.dll
0x00007ffc12760000 - 0x00007ffc127b3000 	C:\Users\terre\AppData\Local\R\win-library\4.3\utf8\libs\x64\utf8.dll
0x00007ffc646e0000 - 0x00007ffc646ee000 	C:\Users\terre\AppData\Local\R\win-library\4.3\tibble\libs\x64\tibble.dll
0x00007ffc12720000 - 0x00007ffc12759000 	C:\Users\terre\AppData\Local\R\win-library\4.3\dplyr\libs\x64\dplyr.dll
0x00007ffca5f00000 - 0x00007ffca5f18000 	C:\Users\terre\AppData\Local\R\win-library\4.3\rJava\libs\x64\rJava.dll
0x00007ffb6d770000 - 0x00007ffb6e020000 	C:\Program Files\Java\jdk-1.8\jre\bin\server\jvm.dll
0x00007ffcc3fd0000 - 0x00007ffcc3fd8000 	C:\WINDOWS\System32\PSAPI.DLL
0x00007ffca16f0000 - 0x00007ffca170d000 	C:\WINDOWS\SYSTEM32\VCRUNTIME140.dll
0x00007ffca2030000 - 0x00007ffca2040000 	C:\Program Files\Java\jdk-1.8\jre\bin\verify.dll
0x00007ffc96600000 - 0x00007ffc9662b000 	C:\Program Files\Java\jdk-1.8\jre\bin\java.dll
0x00007ffc88f00000 - 0x00007ffc88f18000 	C:\Program Files\Java\jdk-1.8\jre\bin\zip.dll
0x00007ffcc1220000 - 0x00007ffcc1b1f000 	C:\WINDOWS\SYSTEM32\windows.storage.dll
0x00007ffcc10e0000 - 0x00007ffcc121f000 	C:\WINDOWS\SYSTEM32\wintypes.dll
0x00007ffcc31c0000 - 0x00007ffcc31e7000 	C:\WINDOWS\SYSTEM32\profapi.dll
0x00007ffbc2eb0000 - 0x00007ffbc302f000 	C:\Program Files\Java\jdk-1.8\jre\bin\awt.dll
0x00007ffcc56a0000 - 0x00007ffcc5777000 	C:\WINDOWS\System32\OLEAUT32.dll
0x00007ffca1710000 - 0x00007ffca179d000 	C:\WINDOWS\SYSTEM32\MSVCP140.dll
0x00007ffca16e0000 - 0x00007ffca16ec000 	C:\WINDOWS\SYSTEM32\VCRUNTIME140_1.dll
0x00007ffcbd0c0000 - 0x00007ffcbd157000 	C:\WINDOWS\SYSTEM32\apphelp.dll
0x00007ffcc40c0000 - 0x00007ffcc421e000 	C:\WINDOWS\System32\MSCTF.dll
0x00007ffcc3c20000 - 0x00007ffcc3c9b000 	C:\WINDOWS\System32\bcryptPrimitives.dll
0x00007ffcc0640000 - 0x00007ffcc066b000 	C:\WINDOWS\system32\DWMAPI.DLL
0x00007ffc77cd0000 - 0x00007ffc77d1f000 	C:\Program Files\Java\jdk-1.8\jre\bin\fontmanager.dll
0x00007ffc861d0000 - 0x00007ffc861ec000 	C:\Program Files\Java\jdk-1.8\jre\bin\net.dll
0x00007ffc80400000 - 0x00007ffc80413000 	C:\Program Files\Java\jdk-1.8\jre\bin\nio.dll
0x00007ffc57dd0000 - 0x00007ffc57e13000 	C:\Program Files\Java\jdk-1.8\jre\bin\t2k.dll
0x00007ffcbd020000 - 0x00007ffcbd033000 	C:\Users\terre\AppData\Local\R\win-library\4.3\proxy\libs\x64\proxy.dll
0x00007ffcc0190000 - 0x00007ffcc019e000 	C:\Program Files\R\R-4.3.2\library\class\libs\x64\class.dll
0x00007ffca80c0000 - 0x00007ffca80ff000 	C:\Users\terre\AppData\Local\R\win-library\4.3\e1071\libs\x64\e1071.dll
0x00007ffcc0160000 - 0x00007ffcc0170000 	C:\Program Files\R\R-4.3.2\library\KernSmooth\libs\x64\KernSmooth.dll
0x00007ffcbe8b0000 - 0x00007ffcbe8bd000 	C:\Users\terre\AppData\Local\R\win-library\4.3\classInt\libs\x64\classInt.dll
0x00007ffc157f0000 - 0x00007ffc15810000 	C:\Program Files\R\R-4.3.2\library\tools\libs\x64\tools.dll
0x00007ffbc4990000 - 0x00007ffbc4ae3000 	C:\Users\terre\AppData\Local\R\win-library\4.3\units\libs\x64\units.dll
0x00007ffcc2ab0000 - 0x00007ffcc2abc000 	C:\WINDOWS\SYSTEM32\CRYPTBASE.DLL
0x00007ffb715f0000 - 0x00007ffb76fe2000 	C:\Users\terre\AppData\Local\R\win-library\4.3\sf\libs\x64\sf.dll
0x00007ffcc0e80000 - 0x00007ffcc10b2000 	C:\WINDOWS\SYSTEM32\dbghelp.dll

VM Arguments:
jvm_args: -Dr.arch=/x64 -Xmx512m -Xrs -Xss2m 
java_command: <unknown>
java_class_path (initial): C:/Users/terre/AppData/Local/R/win-library/4.3/rJava/java/boot
Launcher Type: generic

Environment Variables:
JAVA_HOME=C:\Program Files\Java\jdk-1.8
PATH=C:\rtools43/x86_64-w64-mingw32.static.posix/bin;C:\rtools43/usr/bin;C:\rtools40\usr\bin;C:\rtools43/x86_64-w64-mingw32.static.posix/bin;C:\rtools43/usr/bin;C:\rtools40\usr\bin;C:\Program Files\R\R-4.3.2\bin\x64;C:\WINDOWS\system32;C:\WINDOWS;C:\WINDOWS\System32\Wbem;C:\WINDOWS\System32\WindowsPowerShell\v1.0\;C:\WINDOWS\System32\OpenSSH\;C:\Program Files\Git\cmd;C:\Program Files\Calibre2\;C:\Users\terre\AppData\Local\Microsoft\WindowsApps;
USERNAME=terre
DISPLAY=:0
OS=Windows_NT
PROCESSOR_IDENTIFIER=AMD64 Family 25 Model 80 Stepping 0, AuthenticAMD



---------------  S Y S T E M  ---------------

OS: Windows 11 , 64 bit Build 22621 (10.0.22621.3958)

CPU:total 16 (initial active 16) (16 cores per cpu, 1 threads per core) family 25 model 80 stepping 0, cmov, cx8, fxsr, mmx, sse, sse2, sse3, ssse3, sse4.1, sse4.2, popcnt, avx, avx2, aes, clmul, erms, mmxext, 3dnowpref, lzcnt, sse4a, tsc, tscinvbit, tscinv, bmi1

Memory: 4k page, physical 29208636k(6559156k free), swap 68904284k(7192k free)

vm_info: Java HotSpot(TM) 64-Bit Server VM (25.401-b10) for windows-amd64 JRE (1.8.0_401-b10), built on Dec 19 2023 12:38:48 by "java_re" with MS VC++ 17.1 (VS2022)

time: Tue Sep 24 10:44:37 2024
timezone: Atlantic Daylight Time
elapsed time: 9.396459 seconds (0d 0h 0m 9s)

